// Jest Snapshot v1, https://goo.gl/fbAQLP

exports[`Pruebas en el componente <LoginScreen /> debe mantenerse el componente sin cambios en el renderizado 1`] = `
<div>
  <h1>
    Login Screen 
  </h1>
  <hr />
  <button
    className="btn btn-primary"
    onClick={[Function]}
  >
    Login
  </button>
</div>
`;
