// Jest Snapshot v1, https://goo.gl/fbAQLP

exports[`Pruebas en <RealExampleRef /> Debe mostrarse correctamente 1`] = `
<div>
  <h1>
    RealExampleRef
  </h1>
  <hr />
  <button
    className="btn btn-success mt-2"
    onClick={[Function]}
  >
    Show/Hide
  </button>
</div>
`;
