// Jest Snapshot v1, https://goo.gl/fbAQLP

exports[`Pruebas en el componente <HookApp /> Debe mantenerse el componente sin cambios en el renderizado 1`] = `
<div>
  <h1>
    Hola Mundo
  </h1>
</div>
`;
