// Jest Snapshot v1, https://goo.gl/fbAQLP

exports[`Pruebas en el componente <MultipleCustomHooks /> Debe mantenerse el componente sin cambios en el renderizado 1`] = `
<div>
  <h1>
    Breaking Bad Quotes
  </h1>
  <hr />
  <div
    className="alert alert-info text-center"
  >
    Loading...
  </div>
  <button
    className="btn btn-primary"
    onClick={[Function]}
  >
    Siguiente quote
  </button>
</div>
`;
